[2025-05-20T08:01:12.004Z] [INFO] Server started on port 3000
[2025-05-20T08:01:45.210Z] [INFO] Fetched 5 orders
[2025-05-20T08:02:03.881Z] [INFO] Fetched order 1
[2025-05-20T08:02:15.342Z] [ERROR] Order lookup failed: no such column: orders.user_id
[2025-05-20T08:02:15.344Z] [WARN] Order 2 not found
[2025-05-20T08:03:01.004Z] [INFO] Created order 6 for customer 1
[2025-05-20T08:03:22.556Z] [INFO] Stats fetched
[2025-05-20T08:10:05.120Z] [ERROR] Order lookup failed: no such column: orders.user_id
[2025-05-20T08:10:05.121Z] [WARN] Order 3 not found
[2025-05-20T08:15:44.889Z] [INFO] Fetched 6 orders
[2025-05-20T08:20:31.001Z] [INFO] Created order 7 for customer 3
[2025-05-20T08:22:18.779Z] [ERROR] Order lookup failed: no such column: orders.user_id
[2025-05-20T09:00:00.000Z] [INFO] Stats fetched
[2025-05-20T09:05:12.334Z] [ERROR] Order lookup failed: no such column: orders.user_id
[2025-05-20T09:05:12.335Z] [WARN] Order 5 not found
[2025-05-20T09:31:07.112Z] [INFO] Fetched 7 orders
[2025-05-20T09:45:55.009Z] [ERROR] Order lookup failed: no such column: orders.user_id
[2025-05-20T10:00:00.001Z] [INFO] Stats fetched
[2025-05-20T10:12:44.208Z] [INFO] Created order 8 for customer 2
[2025-05-20T10:30:22.990Z] [ERROR] Order lookup failed: no such column: orders.user_id
[2026-05-22T23:47:53.215Z] [INFO] Server started on port 3000
[2026-05-22T23:50:33.860Z] [INFO] Fetched 10 orders
[2026-05-22T23:50:39.923Z] [ERROR] Order lookup failed: no such column: orders.user_id
[2026-05-22T23:50:42.347Z] [ERROR] Order lookup failed: no such column: orders.user_id
[2026-05-22T23:50:43.352Z] [INFO] Stats fetched
[2026-05-22T23:50:44.253Z] [INFO] Created order 11 for customer 1
[2026-05-22T23:50:47.400Z] [INFO] Created order 12 for customer 1
[2026-05-22T23:50:50.049Z] [INFO] Stats fetched
[2026-05-22T23:50:52.528Z] [ERROR] Order lookup failed: no such column: orders.user_id
[2026-05-22T23:50:55.571Z] [ERROR] Order lookup failed: no such column: orders.user_id
[2026-05-22T23:50:56.649Z] [INFO] Fetched 12 orders
[2026-05-22T23:52:19.985Z] [INFO] Fetched 12 orders
[2026-05-22T23:57:42.717Z] [ERROR] Order lookup failed: no such column: orders.user_id
[2026-05-22T23:57:45.040Z] [ERROR] Order lookup failed: no such column: orders.user_id
[2026-05-22T23:57:45.881Z] [INFO] Stats fetched
[2026-05-22T23:57:47.328Z] [INFO] Created order 13 for customer 1
[2026-05-22T23:57:48.217Z] [INFO] Stats fetched
[2026-05-22T23:57:48.849Z] [ERROR] Order lookup failed: no such column: orders.user_id
[2026-05-22T23:57:49.874Z] [ERROR] Order lookup failed: no such column: orders.user_id
[2026-05-22T23:57:50.849Z] [INFO] Fetched 13 orders
[2026-05-22T23:57:51.625Z] [ERROR] Order lookup failed: no such column: orders.user_id
[2026-05-22T23:57:52.481Z] [ERROR] Order lookup failed: no such column: orders.user_id
[2026-05-22T23:57:53.872Z] [INFO] Stats fetched
[2026-05-22T23:57:54.825Z] [INFO] Created order 14 for customer 1
[2026-05-22T23:57:55.586Z] [ERROR] Order lookup failed: no such column: orders.user_id
[2026-05-22T23:57:57.784Z] [ERROR] Order lookup failed: no such column: orders.user_id
[2026-05-22T23:58:00.578Z] [ERROR] Order lookup failed: no such column: orders.user_id
[2026-05-22T23:59:07.273Z] [INFO] Fetched 14 orders
[2026-05-23T00:04:11.017Z] [INFO] Fetched 14 orders
[2026-05-23T00:04:47.968Z] [INFO] Created order 15 for customer 1
[2026-05-23T00:05:14.911Z] [INFO] Fetched 15 orders
[2026-05-23T00:05:23.062Z] [INFO] Created order 16 for customer 1
[2026-05-23T00:06:12.693Z] [INFO] Stats fetched
[2026-05-23T00:06:14.868Z] [INFO] Created order 17 for customer 1
[2026-05-23T00:06:57.381Z] [INFO] Created order 18 for customer 1
[2026-05-23T00:09:25.240Z] [INFO] Fetched 18 orders
[2026-05-23T00:21:41.159Z] [INFO] Stats fetched
[2026-05-23T00:24:48.444Z] [INFO] Stats fetched
[2026-05-23T00:52:03.037Z] [INFO] Server started on port 3000
[2026-05-23T00:52:19.848Z] [INFO] Created order 19 for customer 1
[2026-05-23T00:52:54.785Z] [INFO] Stats fetched
[2026-05-23T00:53:05.549Z] [ERROR] Order lookup failed: no such column: orders.user_id
[2026-05-23T08:55:52.093Z] [INFO] Server started on port 3000
[2026-05-23T08:56:07.188Z] [INFO] Created order 20 for customer 1
[2026-05-23T08:56:33.708Z] [INFO] Fetched 20 orders
[2026-05-23T08:58:02.273Z] [ERROR] Order lookup failed: no such column: orders.user_id
[2026-05-23T08:59:10.624Z] [ERROR] Order lookup failed: no such column: orders.user_id
[2026-05-23T08:59:12.759Z] [ERROR] Order lookup failed: no such column: orders.user_id
[2026-05-23T08:59:23.344Z] [INFO] Stats fetched
[2026-05-23T09:15:40.269Z] [ERROR] Order lookup failed: no such column: orders.user_id
[2026-05-23T09:15:43.591Z] [ERROR] Order lookup failed: no such column: orders.user_id
[2026-05-23T09:16:13.013Z] [INFO] Stats fetched
[2026-05-23T09:20:33.406Z] [ERROR] Order lookup failed: no such column: orders.user_id
[2026-05-23T09:20:35.187Z] [ERROR] Order lookup failed: no such column: orders.user_id
[2026-05-23T09:20:35.912Z] [INFO] Fetched 20 orders
[2026-05-23T09:26:19.732Z] [INFO] Created order 21 for customer 1
[2026-05-23T09:40:19.240Z] [INFO] Created order 22 for customer 1
[2026-05-23T09:40:23.686Z] [INFO] Created order 23 for customer 1
[2026-05-23T10:02:45.068Z] [INFO] Fetched 23 orders
[2026-05-23T10:59:48.852Z] [INFO] Server started on port 3000
[2026-05-23T10:59:55.209Z] [INFO] Created order 54 for customer 1
[2026-05-23T11:15:33.819Z] [INFO] Server started on port 3000
[2026-05-23T12:14:25.195Z] [INFO] Server started on port 3000
[2026-05-23T12:14:29.691Z] [INFO] Fetched 54 orders
[2026-05-23T12:16:28.599Z] [INFO] Created order 55 for customer 1
[2026-05-23T12:16:30.158Z] [ERROR] Order lookup failed: no such column: orders.user_id
[2026-05-23T13:55:17.868Z] [INFO] Server started on port 3000
[2026-05-23T13:55:25.551Z] [INFO] Fetched 55 orders
[2026-05-23T13:55:26.679Z] [ERROR] Order lookup failed: no such column: orders.user_id
[2026-05-23T13:55:46.670Z] [INFO] Fetched 55 orders
[2026-05-23T13:55:47.413Z] [ERROR] Order lookup failed: no such column: orders.user_id
[2026-05-23T13:55:48.701Z] [ERROR] Order lookup failed: no such column: orders.user_id
[2026-05-23T13:55:49.643Z] [INFO] Stats fetched
[2026-05-23T13:55:50.822Z] [INFO] Created order 56 for customer 1
[2026-05-23T13:55:51.644Z] [ERROR] Order lookup failed: no such column: orders.user_id
[2026-05-23T13:56:20.671Z] [INFO] Server started on port 3000
[2026-05-23T13:56:30.496Z] [INFO] Fetched order 1
[2026-05-23T13:56:33.404Z] [INFO] Fetched order 2
[2026-05-23T13:56:40.961Z] [INFO] Created order 57 for customer 1
[2026-05-23T13:56:42.244Z] [INFO] Stats fetched
[2026-05-23T13:56:50.093Z] [INFO] Fetched order 2
[2026-05-23T13:56:54.636Z] [INFO] Fetched order 1
[2026-05-23T16:57:18.253Z] [INFO] Server started on port 3000
